Archive member included to satisfy reference by file (symbol)

c:/program files (x86)/atmel/studio/7.0/toolchain/avr8/avr8-gnu-toolchain/bin/../lib/gcc/avr/5.4.0/avrxmega2\libgcc.a(_udivmodsi4.o)
                              src/ASF/xmega/drivers/usart/usart.o (__udivmodsi4)
c:/program files (x86)/atmel/studio/7.0/toolchain/avr8/avr8-gnu-toolchain/bin/../lib/gcc/avr/5.4.0/avrxmega2\libgcc.a(_exit.o)
                              C:/Program Files (x86)/Atmel/Studio/7.0/Packs/atmel/XMEGAA_DFP/1.1.68/gcc/dev/atxmega16a4/avrxmega2/crtatxmega16a4.o (exit)
c:/program files (x86)/atmel/studio/7.0/toolchain/avr8/avr8-gnu-toolchain/bin/../lib/gcc/avr/5.4.0/avrxmega2\libgcc.a(_copy_data.o)
                              src/mylib/conf_usart.o (__do_copy_data)
c:/program files (x86)/atmel/studio/7.0/toolchain/avr8/avr8-gnu-toolchain/bin/../lib/gcc/avr/5.4.0/avrxmega2\libgcc.a(_clear_bss.o)
                              src/mylib/conf_usart.o (__do_clear_bss)
c:/program files (x86)/atmel/studio/7.0/toolchain/avr8/avr8-gnu-toolchain/bin/../lib/gcc/avr/5.4.0/../../../../avr/lib/avrxmega2\libc.a(memcpy.o)
                              src/ASF/xmega/drivers/nvm/nvm.o (memcpy)

Allocating common symbols
Common symbol       size              file

sleepmgr_locks      0x6               src/ASF/common/services/sleepmgr/xmega/sleepmgr.o
adca_callback       0x2               src/ASF/xmega/drivers/adc/adc.o

Discarded input sections

 .data          0x00000000        0x0 C:/Program Files (x86)/Atmel/Studio/7.0/Packs/atmel/XMEGAA_DFP/1.1.68/gcc/dev/atxmega16a4/avrxmega2/crtatxmega16a4.o
 .bss           0x00000000        0x0 C:/Program Files (x86)/Atmel/Studio/7.0/Packs/atmel/XMEGAA_DFP/1.1.68/gcc/dev/atxmega16a4/avrxmega2/crtatxmega16a4.o
 .group         0x00000000        0x8 src/mylib/conf_usart.o
 .group         0x00000000        0x8 src/mylib/conf_usart.o
 .group         0x00000000        0x8 src/mylib/conf_usart.o
 .group         0x00000000        0x8 src/mylib/conf_usart.o
 .group         0x00000000        0x8 src/mylib/conf_usart.o
 .group         0x00000000        0x8 src/mylib/conf_usart.o
 .group         0x00000000        0x8 src/mylib/conf_usart.o
 .group         0x00000000        0x8 src/mylib/conf_usart.o
 .group         0x00000000        0x8 src/mylib/conf_usart.o
 .group         0x00000000        0x8 src/mylib/conf_usart.o
 .group         0x00000000        0x8 src/mylib/conf_usart.o
 .group         0x00000000        0x8 src/mylib/conf_usart.o
 .group         0x00000000        0x8 src/mylib/conf_usart.o
 .group         0x00000000        0x8 src/mylib/conf_usart.o
 .group         0x00000000        0x8 src/mylib/conf_usart.o
 .group         0x00000000        0x8 src/mylib/conf_usart.o
 .group         0x00000000        0x8 src/mylib/conf_usart.o
 .group         0x00000000        0x8 src/mylib/conf_usart.o
 .group         0x00000000        0x8 src/mylib/conf_usart.o
 .group         0x00000000        0x8 src/mylib/conf_usart.o
 .group         0x00000000        0x8 src/mylib/conf_usart.o
 .group         0x00000000        0x8 src/mylib/conf_usart.o
 .group         0x00000000        0x8 src/mylib/conf_usart.o
 .group         0x00000000        0x8 src/mylib/conf_usart.o
 .group         0x00000000        0x8 src/mylib/conf_usart.o
 .group         0x00000000        0x8 src/mylib/conf_usart.o
 .group         0x00000000        0x8 src/mylib/conf_usart.o
 .group         0x00000000        0x8 src/mylib/conf_usart.o
 .group         0x00000000        0x8 src/mylib/conf_usart.o
 .group         0x00000000        0x8 src/mylib/conf_usart.o
 .group         0x00000000        0x8 src/mylib/conf_usart.o
 .group         0x00000000        0x8 src/mylib/conf_usart.o
 .group         0x00000000        0x8 src/mylib/conf_usart.o
 .group         0x00000000        0x8 src/mylib/conf_usart.o
 .group         0x00000000        0x8 src/mylib/conf_usart.o
 .group         0x00000000        0x8 src/mylib/conf_usart.o
 .group         0x00000000        0x8 src/mylib/conf_usart.o
 .group         0x00000000        0x8 src/mylib/conf_usart.o
 .group         0x00000000        0x8 src/mylib/conf_usart.o
 .group         0x00000000        0x8 src/mylib/conf_usart.o
 .group         0x00000000        0x8 src/mylib/conf_usart.o
 .group         0x00000000        0x8 src/mylib/conf_usart.o
 .group         0x00000000        0x8 src/mylib/conf_usart.o
 .group         0x00000000        0x8 src/mylib/conf_usart.o
 .group         0x00000000        0x8 src/mylib/conf_usart.o
 .group         0x00000000        0x8 src/mylib/conf_usart.o
 .group         0x00000000        0x8 src/mylib/conf_usart.o
 .group         0x00000000        0x8 src/mylib/conf_usart.o
 .group         0x00000000        0x8 src/mylib/conf_usart.o
 .group         0x00000000        0x8 src/mylib/conf_usart.o
 .group         0x00000000        0x8 src/mylib/conf_usart.o
 .group         0x00000000        0x8 src/mylib/conf_usart.o
 .group         0x00000000        0x8 src/mylib/conf_usart.o
[...]
Memory Configuration

Name             Origin             Length             Attributes
text             0x00000000         0x00100000         xr
data             0x00802000         0x0000ffa0         rw !x
eeprom           0x00810000         0x00010000         rw !x
fuse             0x00820000         0x00000006         rw !x
lock             0x00830000         0x00000400         rw !x
signature        0x00840000         0x00000400         rw !x
user_signatures  0x00850000         0x00000400         rw !x
*default*        0x00000000         0xffffffff

Linker script and memory map

LOAD C:/Program Files (x86)/Atmel/Studio/7.0/Packs/atmel/XMEGAA_DFP/1.1.68/gcc/dev/atxmega16a4/avrxmega2/crtatxmega16a4.o
LOAD src/mylib/conf_usart.o
LOAD src/ASF/common/boards/user_board/init.o
LOAD src/ASF/common/services/clock/xmega/sysclk.o
LOAD src/ASF/common/services/ioport/xmega/ioport_compat.o
LOAD src/ASF/common/services/serial/usart_serial.o
LOAD src/ASF/common/services/sleepmgr/xmega/sleepmgr.o
LOAD src/ASF/xmega/drivers/adc/adc.o
LOAD src/ASF/xmega/drivers/adc/xmega_aau/adc_aau.o
LOAD src/ASF/xmega/drivers/cpu/ccp.o
LOAD src/ASF/xmega/drivers/nvm/nvm.o
LOAD src/ASF/xmega/drivers/nvm/nvm_asm.o
LOAD src/ASF/xmega/drivers/twi/twim.o
LOAD src/ASF/xmega/drivers/twi/twis.o
LOAD src/ASF/xmega/drivers/usart/usart.o
LOAD src/ASF/xmega/drivers/wdt/wdt.o
LOAD src/main.o
START GROUP
LOAD c:/program files (x86)/atmel/studio/7.0/toolchain/avr8/avr8-gnu-toolchain/bin/../lib/gcc/avr/5.4.0/../../../../avr/lib/avrxmega2\libm.a
END GROUP
START GROUP
LOAD c:/program files (x86)/atmel/studio/7.0/toolchain/avr8/avr8-gnu-toolchain/bin/../lib/gcc/avr/5.4.0/avrxmega2\libgcc.a
LOAD c:/program files (x86)/atmel/studio/7.0/toolchain/avr8/avr8-gnu-toolchain/bin/../lib/gcc/avr/5.4.0/../../../../avr/lib/avrxmega2\libm.a
LOAD c:/program files (x86)/atmel/studio/7.0/toolchain/avr8/avr8-gnu-toolchain/bin/../lib/gcc/avr/5.4.0/../../../../avr/lib/avrxmega2\libc.a
LOAD C:/Program Files (x86)/Atmel/Studio/7.0/Packs/atmel/XMEGAA_DFP/1.1.68/gcc/dev/atxmega16a4/avrxmega2\libatxmega16a4.a
END GROUP
                0x00100000                __TEXT_REGION_LENGTH__ = DEFINED (__TEXT_REGION_LENGTH__)?__TEXT_REGION_LENGTH__:0x100000
                0x0000ffa0                __DATA_REGION_LENGTH__ = DEFINED (__DATA_REGION_LENGTH__)?__DATA_REGION_LENGTH__:0xffa0
                0x00010000                __EEPROM_REGION_LENGTH__ = DEFINED (__EEPROM_REGION_LENGTH__)?__EEPROM_REGION_LENGTH__:0x10000
                [0x00000006]                __FUSE_REGION_LENGTH__ = DEFINED (__FUSE_REGION_LENGTH__)?__FUSE_REGION_LENGTH__:0x400
                0x00000400                __LOCK_REGION_LENGTH__ = DEFINED (__LOCK_REGION_LENGTH__)?__LOCK_REGION_LENGTH__:0x400
                0x00000400                __SIGNATURE_REGION_LENGTH__ = DEFINED (__SIGNATURE_REGION_LENGTH__)?__SIGNATURE_REGION_LENGTH__:0x400
                0x00000400                __USER_SIGNATURE_REGION_LENGTH__ = DEFINED (__USER_SIGNATURE_REGION_LENGTH__)?__USER_SIGNATURE_REGION_LENGTH__:0x400

.hash
 *(.hash)

.dynsym
 *(.dynsym)

.dynstr
 *(.dynstr)

.gnu.version
 *(.gnu.version)

.gnu.version_d
 *(.gnu.version_d)

.gnu.version_r
 *(.gnu.version_r)

.rel.init
 *(.rel.init)

.rela.init
 *(.rela.init)

.rel.text
 *(.rel.text)
 *(.rel.text.*)
 *(.rel.gnu.linkonce.t*)

.rela.text
 *(.rela.text)
 *(.rela.text.*)
 *(.rela.gnu.linkonce.t*)

.rel.fini
 *(.rel.fini)

.rela.fini
 *(.rela.fini)

.rel.rodata
 *(.rel.rodata)
 *(.rel.rodata.*)
 *(.rel.gnu.linkonce.r*)

.rela.rodata
 *(.rela.rodata)
 *(.rela.rodata.*)
 *(.rela.gnu.linkonce.r*)

.rel.data
 *(.rel.data)
 *(.rel.data.*)
 *(.rel.gnu.linkonce.d*)

.rela.data
 *(.rela.data)
 *(.rela.data.*)
 *(.rela.gnu.linkonce.d*)

.rel.ctors
 *(.rel.ctors)

.rela.ctors
 *(.rela.ctors)

.rel.dtors
 *(.rel.dtors)

.rela.dtors
 *(.rela.dtors)

.rel.got
 *(.rel.got)

.rela.got
 *(.rela.got)

.rel.bss
 *(.rel.bss)

.rela.bss
 *(.rela.bss)

.rel.plt
 *(.rel.plt)

.rela.plt
 *(.rela.plt)

.text           0x00000000      0x9ce
 *(.vectors)
 .vectors       0x00000000      0x178 C:/Program Files (x86)/Atmel/Studio/7.0/Packs/atmel/XMEGAA_DFP/1.1.68/gcc/dev/atxmega16a4/avrxmega2/crtatxmega16a4.o
                0x00000000                __vector_default
                0x00000000                __vectors
 *(.vectors)
 *(.progmem.gcc*)
                0x00000178                . = ALIGN (0x2)
                0x00000178                __trampolines_start = .
 *(.trampolines)
 .trampolines   0x00000178        0x0 linker stubs
 *(.trampolines*)
                0x00000178                __trampolines_end = .
 *libprintf_flt.a:*(.progmem.data)
 *libc.a:*(.progmem.data)
 *(.progmem*)
                0x00000178                . = ALIGN (0x2)
 *(.jumptables)
 *(.jumptables*)
 *(.lowtext)
 *(.lowtext*)
                0x00000178                __ctors_start = .
 *(.ctors)
                0x00000178                __ctors_end = .
                0x00000178                __dtors_start = .
 *(.dtors)
                0x00000178                __dtors_end = .
 SORT(*)(.ctors)
 SORT(*)(.dtors)
 *(.init0)
 .init0         0x00000178        0x0 C:/Program Files (x86)/Atmel/Studio/7.0/Packs/atmel/XMEGAA_DFP/1.1.68/gcc/dev/atxmega16a4/avrxmega2/crtatxmega16a4.o
                0x00000178                __init
 *(.init0)
 *(.init1)
 *(.init1)
 *(.init2)
 .init2         0x00000178        0xc C:/Program Files (x86)/Atmel/Studio/7.0/Packs/atmel/XMEGAA_DFP/1.1.68/gcc/dev/atxmega16a4/avrxmega2/crtatxmega16a4.o
 *(.init2)
 *(.init3)
 *(.init3)
 *(.init4)
 .init4         0x00000184       0x16 c:/program files (x86)/atmel/studio/7.0/toolchain/avr8/avr8-gnu-toolchain/bin/../lib/gcc/avr/5.4.0/avrxmega2\libgcc.a(_copy_data.o)
                0x00000184                __do_copy_data
 .init4         0x0000019a       0x10 c:/program files (x86)/atmel/studio/7.0/toolchain/avr8/avr8-gnu-toolchain/bin/../lib/gcc/avr/5.4.0/avrxmega2\libgcc.a(_clear_bss.o)
                0x0000019a                __do_clear_bss
 *(.init4)
 *(.init5)
 *(.init5)
 *(.init6)
 *(.init6)
 *(.init7)
 *(.init7)
 *(.init8)
 *(.init8)
 *(.init9)
 .init9         0x000001aa        0x4 C:/Program Files (x86)/Atmel/Studio/7.0/Packs/atmel/XMEGAA_DFP/1.1.68/gcc/dev/atxmega16a4/avrxmega2/crtatxmega16a4.o
 *(.init9)
 *(.text)
 .text          0x000001ae        0x2 C:/Program Files (x86)/Atmel/Studio/7.0/Packs/atmel/XMEGAA_DFP/1.1.68/gcc/dev/atxmega16a4/avrxmega2/crtatxmega16a4.o
                0x000001ae                __vector_38
                0x000001ae                __vector_22
                0x000001ae                __vector_63
                0x000001ae                __vector_28
                0x000001ae                __vector_67
                0x000001ae                __vector_1
                0x000001ae                __vector_32
                0x000001ae                __vector_75
                0x000001ae                __vector_91
                0x000001ae                __vector_34
                0x000001ae                __vector_62
                0x000001ae                __vector_77
                0x000001ae                __vector_24
                0x000001ae                __vector_12
                0x000001ae                __vector_55
                0x000001ae                __vector_69
                0x000001ae                __vector_81
                0x000001ae                __vector_90
                0x000001ae                __bad_interrupt
                0x000001ae                __vector_6
                0x000001ae                __vector_31
                0x000001ae                __vector_92
                0x000001ae                __vector_35
                0x000001ae                __vector_78
                0x000001ae                __vector_39
                0x000001ae                __vector_3
                0x000001ae                __vector_23
                0x000001ae                __vector_68
                0x000001ae                __vector_30
                0x000001ae                __vector_45
                0x000001ae                __vector_25
                0x000001ae                __vector_93
                0x000001ae                __vector_61
                0x000001ae                __vector_11
                0x000001ae                __vector_54
                0x000001ae                __vector_17
                0x000001ae                __vector_19
                0x000001ae                __vector_56
                0x000001ae                __vector_7
                0x000001ae                __vector_49
                0x000001ae                __vector_41
                0x000001ae                __vector_86
                0x000001ae                __vector_64
                0x000001ae                __vector_88
                0x000001ae                __vector_43
                0x000001ae                __vector_27
                0x000001ae                __vector_5
                0x000001ae                __vector_33
                0x000001ae                __vector_76
                0x000001ae                __vector_47
                0x000001ae                __vector_52
                0x000001ae                __vector_37
                0x000001ae                __vector_89
                0x000001ae                __vector_4
                0x000001ae                __vector_44
                0x000001ae                __vector_82
                0x000001ae                __vector_51
                0x000001ae                __vector_9
                0x000001ae                __vector_2
                0x000001ae                __vector_21
                0x000001ae                __vector_15
                0x000001ae                __vector_66
                0x000001ae                __vector_36
                0x000001ae                __vector_79
                0x000001ae                __vector_58
                0x000001ae                __vector_70
                0x000001ae                __vector_83
                0x000001ae                __vector_29
                0x000001ae                __vector_60
                0x000001ae                __vector_40
                0x000001ae                __vector_85
                0x000001ae                __vector_8
                0x000001ae                __vector_26
                0x000001ae                __vector_48
                0x000001ae                __vector_80
                0x000001ae                __vector_14
                0x000001ae                __vector_84
                0x000001ae                __vector_57
                0x000001ae                __vector_53
                0x000001ae                __vector_10
                0x000001ae                __vector_50
                0x000001ae                __vector_16
                0x000001ae                __vector_59
                0x000001ae                __vector_18
                0x000001ae                __vector_20
                0x000001ae                __vector_42
                0x000001ae                __vector_87
                0x000001ae                __vector_65
                0x000001b0                . = ALIGN (0x2)
 *(.text.*)
 .text.USARTS_inits
                0x000001b0       0x32 src/mylib/conf_usart.o
                0x000001b0                USARTS_inits
 .text.board_init
                0x000001e2        0x2 src/ASF/common/boards/user_board/init.o
                0x000001e2                board_init
 .text.sysclk_init
                0x000001e4       0x20 src/ASF/common/services/clock/xmega/sysclk.o
                0x000001e4                sysclk_init
 .text.sysclk_enable_module
                0x00000204       0x2c src/ASF/common/services/clock/xmega/sysclk.o
                0x00000204                sysclk_enable_module
 .text.__vector_71
                0x00000230       0x5c src/ASF/xmega/drivers/adc/xmega_aau/adc_aau.o
                0x00000230                __vector_71
 .text.__vector_72
                0x0000028c       0x5c src/ASF/xmega/drivers/adc/xmega_aau/adc_aau.o
                0x0000028c                __vector_72
 .text.__vector_73
                0x000002e8       0x5c src/ASF/xmega/drivers/adc/xmega_aau/adc_aau.o
                0x000002e8                __vector_73
 .text.__vector_74
                0x00000344       0x5c src/ASF/xmega/drivers/adc/xmega_aau/adc_aau.o
                0x00000344                __vector_74
 .text.twim_interrupt_handler
                0x000003a0      0x12e src/ASF/xmega/drivers/twi/twim.o
 .text.__vector_13
                0x000004ce       0x46 src/ASF/xmega/drivers/twi/twim.o
                0x000004ce                __vector_13
 .text.__vector_46
                0x00000514       0x46 src/ASF/xmega/drivers/twi/twim.o
                0x00000514                __vector_46
 .text.usart_set_baudrate
                0x0000055a      0x21e src/ASF/xmega/drivers/usart/usart.o
                0x0000055a                usart_set_baudrate
 .text.usart_init_rs232
                0x00000778      0x1d2 src/ASF/xmega/drivers/usart/usart.o
                0x00000778                usart_init_rs232
 .text.__portable_avr_delay_cycles
                0x0000094a       0x16 src/main.o
 .text.main     0x00000960       0x26 src/main.o
                0x00000960                main
 .text.libgcc.div
                0x00000986       0x44 c:/program files (x86)/atmel/studio/7.0/toolchain/avr8/avr8-gnu-toolchain/bin/../lib/gcc/avr/5.4.0/avrxmega2\libgcc.a(_udivmodsi4.o)
                0x00000986                __udivmodsi4
                0x000009ca                . = ALIGN (0x2)
 *(.fini9)
 .fini9         0x000009ca        0x0 c:/program files (x86)/atmel/studio/7.0/toolchain/avr8/avr8-gnu-toolchain/bin/../lib/gcc/avr/5.4.0/avrxmega2\libgcc.a(_exit.o)
                0x000009ca                _exit
                0x000009ca                exit
 *(.fini9)
 *(.fini8)
 *(.fini8)
 *(.fini7)
 *(.fini7)
 *(.fini6)
 *(.fini6)
 *(.fini5)
 *(.fini5)
 *(.fini4)
 *(.fini4)
 *(.fini3)
 *(.fini3)
 *(.fini2)
 *(.fini2)
 *(.fini1)
 *(.fini1)
 *(.fini0)
 .fini0         0x000009ca        0x4 c:/program files (x86)/atmel/studio/7.0/toolchain/avr8/avr8-gnu-toolchain/bin/../lib/gcc/avr/5.4.0/avrxmega2\libgcc.a(_exit.o)
 *(.fini0)
                0x000009ce                _etext = .

.data           0x00802000       0x16 load address 0x000009ce
                0x00802000                PROVIDE (__data_start, .)
 *(.data)
 *(.data*)
 .data.USART_COM
                0x00802000        0x7 src/mylib/conf_usart.o
 .data.USART_SIM
                0x00802007        0x7 src/mylib/conf_usart.o
 .data.USART_WIFI
                0x0080200e        0x7 src/mylib/conf_usart.o
 *(.gnu.linkonce.d*)
 *(.rodata)
 *(.rodata*)
 *(.gnu.linkonce.r*)
                0x00802016                . = ALIGN (0x2)
 *fill*         0x00802015        0x1 
                0x00802016                _edata = .
                0x00802016                PROVIDE (__data_end, .)

.bss            0x00802016        0xd
                0x00802016                PROVIDE (__bss_start, .)
 *(.bss)
 *(.bss*)
 .bss.transfer  0x00802016        0xb src/ASF/xmega/drivers/twi/twim.o
 *(COMMON)
 COMMON         0x00802021        0x2 src/ASF/xmega/drivers/adc/adc.o
                0x00802021                adca_callback
                0x00802023                PROVIDE (__bss_end, .)
                0x000009ce                __data_load_start = LOADADDR (.data)
                0x000009e4                __data_load_end = (__data_load_start + SIZEOF (.data))

.noinit         0x00802023        0x0
                [!provide]                PROVIDE (__noinit_start, .)
 *(.noinit*)
                [!provide]                PROVIDE (__noinit_end, .)
                0x00802023                _end = .
                [!provide]                PROVIDE (__heap_start, .)

.eeprom         0x00810000        0x0
 *(.eeprom*)
                0x00810000                __eeprom_end = .

.fuse
 *(.fuse)
 *(.lfuse)
 *(.hfuse)
 *(.efuse)

.lock
 *(.lock*)

.signature
 *(.signature*)

.user_signatures
 *(.user_signatures*)

.stab
 *(.stab)

.stabstr
 *(.stabstr)

.stab.excl
 *(.stab.excl)

.stab.exclstr
 *(.stab.exclstr)

.stab.index
 *(.stab.index)

.stab.indexstr
 *(.stab.indexstr)

.comment        0x00000000       0x30
 *(.comment)
 .comment       0x00000000       0x30 src/mylib/conf_usart.o
                                 0x31 (size before relaxing)
 .comment       0x00000030       0x31 src/ASF/common/boards/user_board/init.o
 .comment       0x00000030       0x31 src/ASF/common/services/clock/xmega/sysclk.o
 .comment       0x00000030       0x31 src/ASF/xmega/drivers/adc/adc.o
 .comment       0x00000030       0x31 src/ASF/xmega/drivers/adc/xmega_aau/adc_aau.o
 .comment       0x00000030       0x31 src/ASF/xmega/drivers/twi/twim.o
 .comment       0x00000030       0x31 src/ASF/xmega/drivers/usart/usart.o
 .comment       0x00000030       0x31 src/main.o

.note.gnu.avr.deviceinfo
                0x00000000       0x40
 .note.gnu.avr.deviceinfo
                0x00000000       0x40 C:/Program Files (x86)/Atmel/Studio/7.0/Packs/atmel/XMEGAA_DFP/1.1.68/gcc/dev/atxmega16a4/avrxmega2/crtatxmega16a4.o

.note.gnu.build-id
 *(.note.gnu.build-id)

.debug
 *(.debug)

.line
 *(.line)

.debug_srcinfo
 *(.debug_srcinfo)

.debug_sfnames
 *(.debug_sfnames)

.debug_aranges  0x00000000      0x1f0
 *(.debug_aranges)
 .debug_aranges
                0x00000000       0x40 src/mylib/conf_usart.o
 .debug_aranges
                0x00000040       0x20 src/ASF/common/boards/user_board/init.o
 .debug_aranges
                0x00000060       0x30 src/ASF/common/services/clock/xmega/sysclk.o
 .debug_aranges
                0x00000090       0x48 src/ASF/xmega/drivers/adc/adc.o
 .debug_aranges
                0x000000d8       0x58 src/ASF/xmega/drivers/adc/xmega_aau/adc_aau.o
 .debug_aranges
                0x00000130       0x40 src/ASF/xmega/drivers/twi/twim.o
 .debug_aranges
                0x00000170       0x58 src/ASF/xmega/drivers/usart/usart.o
 .debug_aranges
                0x000001c8       0x28 src/main.o

.debug_pubnames
 *(.debug_pubnames)

.debug_info     0x00000000     0x833c
 *(.debug_info .gnu.linkonce.wi.*)
 .debug_info    0x00000000     0x22d1 C:/Program Files (x86)/Atmel/Studio/7.0/Packs/atmel/XMEGAA_DFP/1.1.68/gcc/dev/atxmega16a4/avrxmega2/crtatxmega16a4.o
 .debug_info    0x000022d1      0x5b1 src/mylib/conf_usart.o
 .debug_info    0x00002882      0x168 src/ASF/common/boards/user_board/init.o
 .debug_info    0x000029ea      0x47b src/ASF/common/services/clock/xmega/sysclk.o
 .debug_info    0x00002e65      0xa4d src/ASF/xmega/drivers/adc/adc.o
 .debug_info    0x000038b2      0xd43 src/ASF/xmega/drivers/adc/xmega_aau/adc_aau.o
 .debug_info    0x000045f5      0x847 src/ASF/xmega/drivers/twi/twim.o
 .debug_info    0x00004e3c     0x2d83 src/ASF/xmega/drivers/usart/usart.o
 .debug_info    0x00007bbf      0x77d src/main.o

.debug_abbrev   0x00000000     0x33e4
 *(.debug_abbrev)
 .debug_abbrev  0x00000000     0x20f8 C:/Program Files (x86)/Atmel/Studio/7.0/Packs/atmel/XMEGAA_DFP/1.1.68/gcc/dev/atxmega16a4/avrxmega2/crtatxmega16a4.o
 .debug_abbrev  0x000020f8      0x1b3 src/mylib/conf_usart.o
 .debug_abbrev  0x000022ab       0xac src/ASF/common/boards/user_board/init.o
 .debug_abbrev  0x00002357      0x1ea src/ASF/common/services/clock/xmega/sysclk.o
 .debug_abbrev  0x00002541      0x271 src/ASF/xmega/drivers/adc/adc.o
 .debug_abbrev  0x000027b2      0x2f9 src/ASF/xmega/drivers/adc/xmega_aau/adc_aau.o
 .debug_abbrev  0x00002aab      0x2e9 src/ASF/xmega/drivers/twi/twim.o
 .debug_abbrev  0x00002d94      0x3ce src/ASF/xmega/drivers/usart/usart.o
 .debug_abbrev  0x00003162      0x282 src/main.o

.debug_line     0x00000000     0x4674
 *(.debug_line .debug_line.* .debug_line_end)
 .debug_line    0x00000000      0x2cb C:/Program Files (x86)/Atmel/Studio/7.0/Packs/atmel/XMEGAA_DFP/1.1.68/gcc/dev/atxmega16a4/avrxmega2/crtatxmega16a4.o
 .debug_line    0x000002cb      0x9d7 src/mylib/conf_usart.o
 .debug_line    0x00000ca2      0x8b0 src/ASF/common/boards/user_board/init.o
 .debug_line    0x00001552      0x561 src/ASF/common/services/clock/xmega/sysclk.o
 .debug_line    0x00001ab3      0x785 src/ASF/xmega/drivers/adc/adc.o
 .debug_line    0x00002238      0x8d0 src/ASF/xmega/drivers/adc/xmega_aau/adc_aau.o
 .debug_line    0x00002b08      0x623 src/ASF/xmega/drivers/twi/twim.o
 .debug_line    0x0000312b      0xb96 src/ASF/xmega/drivers/usart/usart.o
 .debug_line    0x00003cc1      0x9b3 src/main.o

.debug_frame    0x00000000      0x6b4
 *(.debug_frame)
 .debug_frame   0x00000000       0x64 src/mylib/conf_usart.o
 .debug_frame   0x00000064       0x24 src/ASF/common/boards/user_board/init.o
 .debug_frame   0x00000088       0x64 src/ASF/common/services/clock/xmega/sysclk.o
 .debug_frame   0x000000ec       0xbc src/ASF/xmega/drivers/adc/adc.o
 .debug_frame   0x000001a8      0x284 src/ASF/xmega/drivers/adc/xmega_aau/adc_aau.o
 .debug_frame   0x0000042c      0x110 src/ASF/xmega/drivers/twi/twim.o
 .debug_frame   0x0000053c      0x144 src/ASF/xmega/drivers/usart/usart.o
 .debug_frame   0x00000680       0x34 src/main.o

.debug_str      0x00000000    0x2821e
 *(.debug_str)
 .debug_str     0x00000000     0x172c C:/Program Files (x86)/Atmel/Studio/7.0/Packs/atmel/XMEGAA_DFP/1.1.68/gcc/dev/atxmega16a4/avrxmega2/crtatxmega16a4.o
 .debug_str     0x0000172c    0x250af src/mylib/conf_usart.o
                              0x257cd (size before relaxing)
 .debug_str     0x000267db       0x36 src/ASF/common/boards/user_board/init.o
                              0x25060 (size before relaxing)
 .debug_str     0x00026811      0x164 src/ASF/common/services/clock/xmega/sysclk.o
                              0x24102 (size before relaxing)
 .debug_str     0x00026975      0x46f src/ASF/xmega/drivers/adc/adc.o
                              0x24c83 (size before relaxing)
 .debug_str     0x00026de4      0x59c src/ASF/xmega/drivers/adc/xmega_aau/adc_aau.o
                              0x24f11 (size before relaxing)
 .debug_str     0x00027380      0x447 src/ASF/xmega/drivers/twi/twim.o
                              0x231ca (size before relaxing)
 .debug_str     0x000277c7      0x9d9 src/ASF/xmega/drivers/usart/usart.o
                              0x2529d (size before relaxing)
 .debug_str     0x000281a0       0x7e src/main.o
                              0x259da (size before relaxing)

.debug_loc      0x00000000     0x21dd
 *(.debug_loc)
 .debug_loc     0x00000000       0xb4 src/mylib/conf_usart.o
 .debug_loc     0x000000b4      0x20d src/ASF/common/services/clock/xmega/sysclk.o
 .debug_loc     0x000002c1      0x25b src/ASF/xmega/drivers/adc/adc.o
 .debug_loc     0x0000051c      0x993 src/ASF/xmega/drivers/adc/xmega_aau/adc_aau.o
 .debug_loc     0x00000eaf      0x4b4 src/ASF/xmega/drivers/twi/twim.o
 .debug_loc     0x00001363      0xe0a src/ASF/xmega/drivers/usart/usart.o
 .debug_loc     0x0000216d       0x70 src/main.o

.debug_macinfo
 *(.debug_macinfo)

.debug_weaknames
 *(.debug_weaknames)

.debug_funcnames
 *(.debug_funcnames)

.debug_typenames
 *(.debug_typenames)

.debug_varnames
 *(.debug_varnames)

.debug_pubtypes
 *(.debug_pubtypes)

.debug_ranges   0x00000000      0x1d8
 *(.debug_ranges)
 .debug_ranges  0x00000000       0x30 src/mylib/conf_usart.o
 .debug_ranges  0x00000030       0x10 src/ASF/common/boards/user_board/init.o
 .debug_ranges  0x00000040       0x20 src/ASF/common/services/clock/xmega/sysclk.o
 .debug_ranges  0x00000060       0x38 src/ASF/xmega/drivers/adc/adc.o
 .debug_ranges  0x00000098       0x48 src/ASF/xmega/drivers/adc/xmega_aau/adc_aau.o
 .debug_ranges  0x000000e0       0x60 src/ASF/xmega/drivers/twi/twim.o
 .debug_ranges  0x00000140       0x80 src/ASF/xmega/drivers/usart/usart.o
 .debug_ranges  0x000001c0       0x18 src/main.o

.debug_macro    0x00000000     0x91e7
 *(.debug_macro)
 .debug_macro   0x00000000      0x350 src/mylib/conf_usart.o
 .debug_macro   0x00000350      0xa54 src/mylib/conf_usart.o
 .debug_macro   0x00000da4       0x10 src/mylib/conf_usart.o
 .debug_macro   0x00000db4      0x1c9 src/mylib/conf_usart.o
 .debug_macro   0x00000f7d      0x2fc src/mylib/conf_usart.o
 .debug_macro   0x00001279       0x9e src/mylib/conf_usart.o
 .debug_macro   0x00001317     0x485b src/mylib/conf_usart.o
 .debug_macro   0x00005b72       0x9a src/mylib/conf_usart.o
 .debug_macro   0x00005c0c       0xf1 src/mylib/conf_usart.o
 .debug_macro   0x00005cfd       0x34 src/mylib/conf_usart.o
 .debug_macro   0x00005d31       0x16 src/mylib/conf_usart.o
 .debug_macro   0x00005d47       0x18 src/mylib/conf_usart.o
 .debug_macro   0x00005d5f       0x5e src/mylib/conf_usart.o
 .debug_macro   0x00005dbd       0x10 src/mylib/conf_usart.o
 .debug_macro   0x00005dcd       0x22 src/mylib/conf_usart.o
 .debug_macro   0x00005def      0x16d src/mylib/conf_usart.o
 .debug_macro   0x00005f5c       0x1c src/mylib/conf_usart.o
 .debug_macro   0x00005f78       0x35 src/mylib/conf_usart.o
 .debug_macro   0x00005fad       0x66 src/mylib/conf_usart.o
 .debug_macro   0x00006013      0x6d7 src/mylib/conf_usart.o
 .debug_macro   0x000066ea       0x96 src/mylib/conf_usart.o
 .debug_macro   0x00006780       0x17 src/mylib/conf_usart.o
 .debug_macro   0x00006797      0x250 src/mylib/conf_usart.o
 .debug_macro   0x000069e7       0x76 src/mylib/conf_usart.o
 .debug_macro   0x00006a5d       0x16 src/mylib/conf_usart.o
 .debug_macro   0x00006a73      0x6d9 src/mylib/conf_usart.o
 .debug_macro   0x0000714c       0x10 src/mylib/conf_usart.o
 .debug_macro   0x0000715c      0x175 src/mylib/conf_usart.o
 .debug_macro   0x000072d1       0x40 src/mylib/conf_usart.o
 .debug_macro   0x00007311       0x69 src/mylib/conf_usart.o
 .debug_macro   0x0000737a       0x31 src/mylib/conf_usart.o
 .debug_macro   0x000073ab       0xe4 src/mylib/conf_usart.o
 .debug_macro   0x0000748f       0x10 src/mylib/conf_usart.o
 .debug_macro   0x0000749f       0x20 src/mylib/conf_usart.o
 .debug_macro   0x000074bf       0x10 src/mylib/conf_usart.o
 .debug_macro   0x000074cf       0x42 src/mylib/conf_usart.o
 .debug_macro   0x00007511       0x1c src/mylib/conf_usart.o
 .debug_macro   0x0000752d      0x2c3 src/mylib/conf_usart.o
 .debug_macro   0x000077f0       0x64 src/mylib/conf_usart.o
 .debug_macro   0x00007854       0x2f src/mylib/conf_usart.o
 .debug_macro   0x00007883      0x13f src/mylib/conf_usart.o
 .debug_macro   0x000079c2       0xd7 src/mylib/conf_usart.o
 .debug_macro   0x00007a99       0x34 src/mylib/conf_usart.o
 .debug_macro   0x00007acd       0x28 src/mylib/conf_usart.o
 .debug_macro   0x00007af5       0x22 src/mylib/conf_usart.o
 .debug_macro   0x00007b17       0x7c src/mylib/conf_usart.o
 .debug_macro   0x00007b93       0x16 src/mylib/conf_usart.o
 .debug_macro   0x00007ba9       0x22 src/mylib/conf_usart.o
 .debug_macro   0x00007bcb       0x10 src/mylib/conf_usart.o
 .debug_macro   0x00007bdb       0x28 src/mylib/conf_usart.o
 .debug_macro   0x00007c03       0x3a src/mylib/conf_usart.o
 .debug_macro   0x00007c3d       0x10 src/mylib/conf_usart.o
 .debug_macro   0x00007c4d      0x160 src/mylib/conf_usart.o
 .debug_macro   0x00007dad       0x5e src/mylib/conf_usart.o
 .debug_macro   0x00007e0b      0x324 src/ASF/common/boards/user_board/init.o
 .debug_macro   0x0000812f      0x1dd src/ASF/common/services/clock/xmega/sysclk.o
 .debug_macro   0x0000830c      0x23a src/ASF/xmega/drivers/adc/adc.o
 .debug_macro   0x00008546      0x23a src/ASF/xmega/drivers/adc/xmega_aau/adc_aau.o
 .debug_macro   0x00008780      0x198 src/ASF/xmega/drivers/twi/twim.o
 .debug_macro   0x00008918      0x219 src/ASF/xmega/drivers/usart/usart.o
 .debug_macro   0x00008b31      0x302 src/ASF/xmega/drivers/usart/usart.o
 .debug_macro   0x00008e33      0x350 src/main.o
 .debug_macro   0x00009183       0x64 src/main.o
OUTPUT(code-mcu.elf elf32-avr)
LOAD linker stubs
