Archive member included to satisfy reference by file (symbol)

c:/program files (x86)/atmel/studio/7.0/toolchain/avr8/avr8-gnu-toolchain/bin/../lib/gcc/avr/5.4.0/avrxmega2\libgcc.a(_udivmodsi4.o)
                              src/ASF/xmega/drivers/usart/usart.o (__udivmodsi4)
c:/program files (x86)/atmel/studio/7.0/toolchain/avr8/avr8-gnu-toolchain/bin/../lib/gcc/avr/5.4.0/avrxmega2\libgcc.a(_exit.o)
                              C:/Program Files (x86)/Atmel/Studio/7.0/Packs/atmel/XMEGAA_DFP/1.1.68/gcc/dev/atxmega16a4/avrxmega2/crtatxmega16a4.o (exit)
c:/program files (x86)/atmel/studio/7.0/toolchain/avr8/avr8-gnu-toolchain/bin/../lib/gcc/avr/5.4.0/avrxmega2\libgcc.a(_copy_data.o)
                              src/ASF/common/services/sleepmgr/xmega/sleepmgr.o (__do_copy_data)
c:/program files (x86)/atmel/studio/7.0/toolchain/avr8/avr8-gnu-toolchain/bin/../lib/gcc/avr/5.4.0/avrxmega2\libgcc.a(_clear_bss.o)
                              src/ASF/common/services/sleepmgr/xmega/sleepmgr.o (__do_clear_bss)
c:/program files (x86)/atmel/studio/7.0/toolchain/avr8/avr8-gnu-toolchain/bin/../lib/gcc/avr/5.4.0/../../../../avr/lib/avrxmega2\libc.a(memcpy.o)
                              src/ASF/xmega/drivers/nvm/nvm.o (memcpy)

Allocating common symbols
Common symbol       size              file

sleepmgr_locks      0x6               src/ASF/common/services/sleepmgr/xmega/sleepmgr.o
adca_callback       0x2               src/ASF/xmega/drivers/adc/adc.o

Discarded input sections

 .data          0x00000000        0x0 C:/Program Files (x86)/Atmel/Studio/7.0/Packs/atmel/XMEGAA_DFP/1.1.68/gcc/dev/atxmega16a4/avrxmega2/crtatxmega16a4.o
 .bss           0x00000000        0x0 C:/Program Files (x86)/Atmel/Studio/7.0/Packs/atmel/XMEGAA_DFP/1.1.68/gcc/dev/atxmega16a4/avrxmega2/crtatxmega16a4.o
 .group         0x00000000        0x8 src/ASF/common/boards/user_board/init.o
 .group         0x00000000        0x8 src/ASF/common/boards/user_board/init.o
 .group         0x00000000        0x8 src/ASF/common/boards/user_board/init.o
 .group         0x00000000        0x8 src/ASF/common/boards/user_board/init.o
 .group         0x00000000        0x8 src/ASF/common/boards/user_board/init.o
 .group         0x00000000        0x8 src/ASF/common/boards/user_board/init.o
 .group         0x00000000        0x8 src/ASF/common/boards/user_board/init.o
 .group         0x00000000        0x8 src/ASF/common/boards/user_board/init.o
 .group         0x00000000        0x8 src/ASF/common/boards/user_board/init.o
 .group         0x00000000        0x8 src/ASF/common/boards/user_board/init.o
 .group         0x00000000        0x8 src/ASF/common/boards/user_board/init.o
 .group         0x00000000        0x8 src/ASF/common/boards/user_board/init.o
 .group         0x00000000        0x8 src/ASF/common/boards/user_board/init.o
 .group         0x00000000        0x8 src/ASF/common/boards/user_board/init.o
 .group         0x00000000        0x8 src/ASF/common/boards/user_board/init.o
 .group         0x00000000        0x8 src/ASF/common/boards/user_board/init.o
 .group         0x00000000        0x8 src/ASF/common/boards/user_board/init.o
 .group         0x00000000        0x8 src/ASF/common/boards/user_board/init.o
 .group         0x00000000        0x8 src/ASF/common/boards/user_board/init.o
 .group         0x00000000        0x8 src/ASF/common/boards/user_board/init.o
 .group         0x00000000        0x8 src/ASF/common/boards/user_board/init.o
 .group         0x00000000        0x8 src/ASF/common/boards/user_board/init.o
 .group         0x00000000        0x8 src/ASF/common/boards/user_board/init.o
 .group         0x00000000        0x8 src/ASF/common/boards/user_board/init.o
 .group         0x00000000        0x8 src/ASF/common/boards/user_board/init.o
 .group         0x00000000        0x8 src/ASF/common/boards/user_board/init.o
 .group         0x00000000        0x8 src/ASF/common/boards/user_board/init.o
 .group         0x00000000        0x8 src/ASF/common/boards/user_board/init.o
 .group         0x00000000        0x8 src/ASF/common/boards/user_board/init.o
 .group         0x00000000        0x8 src/ASF/common/boards/user_board/init.o
 .group         0x00000000        0x8 src/ASF/common/boards/user_board/init.o
 .group         0x00000000        0x8 src/ASF/common/boards/user_board/init.o
 .group         0x00000000        0x8 src/ASF/common/boards/user_board/init.o
 .group         0x00000000        0x8 src/ASF/common/boards/user_board/init.o
 .group         0x00000000        0x8 src/ASF/common/boards/user_board/init.o
 .group         0x00000000        0x8 src/ASF/common/boards/user_board/init.o
 .group         0x00000000        0x8 src/ASF/common/boards/user_board/init.o
 .group         0x00000000        0x8 src/ASF/common/boards/user_board/init.o
 .group         0x00000000        0x8 src/ASF/common/boards/user_board/init.o
 .group         0x00000000        0x8 src/ASF/common/boards/user_board/init.o
 .group         0x00000000        0x8 src/ASF/common/boards/user_board/init.o
[...]
Memory Configuration

Name             Origin             Length             Attributes
text             0x00000000         0x00100000         xr
data             0x00802000         0x0000ffa0         rw !x
eeprom           0x00810000         0x00010000         rw !x
fuse             0x00820000         0x00000006         rw !x
lock             0x00830000         0x00000400         rw !x
signature        0x00840000         0x00000400         rw !x
user_signatures  0x00850000         0x00000400         rw !x
*default*        0x00000000         0xffffffff

Linker script and memory map

LOAD C:/Program Files (x86)/Atmel/Studio/7.0/Packs/atmel/XMEGAA_DFP/1.1.68/gcc/dev/atxmega16a4/avrxmega2/crtatxmega16a4.o
LOAD src/ASF/common/boards/user_board/init.o
LOAD src/ASF/common/services/clock/xmega/sysclk.o
LOAD src/ASF/common/services/ioport/xmega/ioport_compat.o
LOAD src/ASF/common/services/serial/usart_serial.o
LOAD src/ASF/common/services/sleepmgr/xmega/sleepmgr.o
LOAD src/ASF/xmega/drivers/adc/adc.o
LOAD src/ASF/xmega/drivers/adc/xmega_aau/adc_aau.o
LOAD src/ASF/xmega/drivers/cpu/ccp.o
LOAD src/ASF/xmega/drivers/nvm/nvm.o
LOAD src/ASF/xmega/drivers/nvm/nvm_asm.o
LOAD src/ASF/xmega/drivers/twi/twim.o
LOAD src/ASF/xmega/drivers/twi/twis.o
LOAD src/ASF/xmega/drivers/usart/usart.o
LOAD src/ASF/xmega/drivers/wdt/wdt.o
LOAD src/main.o
START GROUP
LOAD c:/program files (x86)/atmel/studio/7.0/toolchain/avr8/avr8-gnu-toolchain/bin/../lib/gcc/avr/5.4.0/../../../../avr/lib/avrxmega2\libm.a
END GROUP
START GROUP
LOAD c:/program files (x86)/atmel/studio/7.0/toolchain/avr8/avr8-gnu-toolchain/bin/../lib/gcc/avr/5.4.0/avrxmega2\libgcc.a
LOAD c:/program files (x86)/atmel/studio/7.0/toolchain/avr8/avr8-gnu-toolchain/bin/../lib/gcc/avr/5.4.0/../../../../avr/lib/avrxmega2\libm.a
LOAD c:/program files (x86)/atmel/studio/7.0/toolchain/avr8/avr8-gnu-toolchain/bin/../lib/gcc/avr/5.4.0/../../../../avr/lib/avrxmega2\libc.a
LOAD C:/Program Files (x86)/Atmel/Studio/7.0/Packs/atmel/XMEGAA_DFP/1.1.68/gcc/dev/atxmega16a4/avrxmega2\libatxmega16a4.a
END GROUP
                0x00100000                __TEXT_REGION_LENGTH__ = DEFINED (__TEXT_REGION_LENGTH__)?__TEXT_REGION_LENGTH__:0x100000
                0x0000ffa0                __DATA_REGION_LENGTH__ = DEFINED (__DATA_REGION_LENGTH__)?__DATA_REGION_LENGTH__:0xffa0
                0x00010000                __EEPROM_REGION_LENGTH__ = DEFINED (__EEPROM_REGION_LENGTH__)?__EEPROM_REGION_LENGTH__:0x10000
                [0x00000006]                __FUSE_REGION_LENGTH__ = DEFINED (__FUSE_REGION_LENGTH__)?__FUSE_REGION_LENGTH__:0x400
                0x00000400                __LOCK_REGION_LENGTH__ = DEFINED (__LOCK_REGION_LENGTH__)?__LOCK_REGION_LENGTH__:0x400
                0x00000400                __SIGNATURE_REGION_LENGTH__ = DEFINED (__SIGNATURE_REGION_LENGTH__)?__SIGNATURE_REGION_LENGTH__:0x400
                0x00000400                __USER_SIGNATURE_REGION_LENGTH__ = DEFINED (__USER_SIGNATURE_REGION_LENGTH__)?__USER_SIGNATURE_REGION_LENGTH__:0x400

.hash
 *(.hash)

.dynsym
 *(.dynsym)

.dynstr
 *(.dynstr)

.gnu.version
 *(.gnu.version)

.gnu.version_d
 *(.gnu.version_d)

.gnu.version_r
 *(.gnu.version_r)

.rel.init
 *(.rel.init)

.rela.init
 *(.rela.init)

.rel.text
 *(.rel.text)
 *(.rel.text.*)
 *(.rel.gnu.linkonce.t*)

.rela.text
 *(.rela.text)
 *(.rela.text.*)
 *(.rela.gnu.linkonce.t*)

.rel.fini
 *(.rel.fini)

.rela.fini
 *(.rela.fini)

.rel.rodata
 *(.rel.rodata)
 *(.rel.rodata.*)
 *(.rel.gnu.linkonce.r*)

.rela.rodata
 *(.rela.rodata)
 *(.rela.rodata.*)
 *(.rela.gnu.linkonce.r*)

.rel.data
 *(.rel.data)
 *(.rel.data.*)
 *(.rel.gnu.linkonce.d*)

.rela.data
 *(.rela.data)
 *(.rela.data.*)
 *(.rela.gnu.linkonce.d*)

.rel.ctors
 *(.rel.ctors)

.rela.ctors
 *(.rela.ctors)

.rel.dtors
 *(.rel.dtors)

.rela.dtors
 *(.rela.dtors)

.rel.got
 *(.rel.got)

.rela.got
 *(.rela.got)

.rel.bss
 *(.rel.bss)

.rela.bss
 *(.rela.bss)

.rel.plt
 *(.rel.plt)

.rela.plt
 *(.rela.plt)

.text           0x00000000      0x53a
 *(.vectors)
 .vectors       0x00000000      0x178 C:/Program Files (x86)/Atmel/Studio/7.0/Packs/atmel/XMEGAA_DFP/1.1.68/gcc/dev/atxmega16a4/avrxmega2/crtatxmega16a4.o
                0x00000000                __vector_default
                0x00000000                __vectors
 *(.vectors)
 *(.progmem.gcc*)
                0x00000178                . = ALIGN (0x2)
                0x00000178                __trampolines_start = .
 *(.trampolines)
 .trampolines   0x00000178        0x0 linker stubs
 *(.trampolines*)
                0x00000178                __trampolines_end = .
 *libprintf_flt.a:*(.progmem.data)
 *libc.a:*(.progmem.data)
 *(.progmem*)
                0x00000178                . = ALIGN (0x2)
 *(.jumptables)
 *(.jumptables*)
 *(.lowtext)
 *(.lowtext*)
                0x00000178                __ctors_start = .
 *(.ctors)
                0x00000178                __ctors_end = .
                0x00000178                __dtors_start = .
 *(.dtors)
                0x00000178                __dtors_end = .
 SORT(*)(.ctors)
 SORT(*)(.dtors)
 *(.init0)
 .init0         0x00000178        0x0 C:/Program Files (x86)/Atmel/Studio/7.0/Packs/atmel/XMEGAA_DFP/1.1.68/gcc/dev/atxmega16a4/avrxmega2/crtatxmega16a4.o
                0x00000178                __init
 *(.init0)
 *(.init1)
 *(.init1)
 *(.init2)
 .init2         0x00000178        0xc C:/Program Files (x86)/Atmel/Studio/7.0/Packs/atmel/XMEGAA_DFP/1.1.68/gcc/dev/atxmega16a4/avrxmega2/crtatxmega16a4.o
 *(.init2)
 *(.init3)
 *(.init3)
 *(.init4)
 .init4         0x00000184       0x16 c:/program files (x86)/atmel/studio/7.0/toolchain/avr8/avr8-gnu-toolchain/bin/../lib/gcc/avr/5.4.0/avrxmega2\libgcc.a(_copy_data.o)
                0x00000184                __do_copy_data
 .init4         0x0000019a       0x10 c:/program files (x86)/atmel/studio/7.0/toolchain/avr8/avr8-gnu-toolchain/bin/../lib/gcc/avr/5.4.0/avrxmega2\libgcc.a(_clear_bss.o)
                0x0000019a                __do_clear_bss
 *(.init4)
 *(.init5)
 *(.init5)
 *(.init6)
 *(.init6)
 *(.init7)
 *(.init7)
 *(.init8)
 *(.init8)
 *(.init9)
 .init9         0x000001aa        0x4 C:/Program Files (x86)/Atmel/Studio/7.0/Packs/atmel/XMEGAA_DFP/1.1.68/gcc/dev/atxmega16a4/avrxmega2/crtatxmega16a4.o
 *(.init9)
 *(.text)
 .text          0x000001ae        0x2 C:/Program Files (x86)/Atmel/Studio/7.0/Packs/atmel/XMEGAA_DFP/1.1.68/gcc/dev/atxmega16a4/avrxmega2/crtatxmega16a4.o
                0x000001ae                __vector_38
                0x000001ae                __vector_22
                0x000001ae                __vector_63
                0x000001ae                __vector_28
                0x000001ae                __vector_67
                0x000001ae                __vector_1
                0x000001ae                __vector_32
                0x000001ae                __vector_75
                0x000001ae                __vector_91
                0x000001ae                __vector_34
                0x000001ae                __vector_62
                0x000001ae                __vector_77
                0x000001ae                __vector_24
                0x000001ae                __vector_12
                0x000001ae                __vector_55
                0x000001ae                __vector_69
                0x000001ae                __vector_81
                0x000001ae                __vector_90
                0x000001ae                __bad_interrupt
                0x000001ae                __vector_6
                0x000001ae                __vector_31
                0x000001ae                __vector_92
                0x000001ae                __vector_35
                0x000001ae                __vector_78
                0x000001ae                __vector_39
                0x000001ae                __vector_3
                0x000001ae                __vector_23
                0x000001ae                __vector_68
                0x000001ae                __vector_30
                0x000001ae                __vector_45
                0x000001ae                __vector_25
                0x000001ae                __vector_93
                0x000001ae                __vector_61
                0x000001ae                __vector_11
                0x000001ae                __vector_54
                0x000001ae                __vector_17
                0x000001ae                __vector_19
                0x000001ae                __vector_56
                0x000001ae                __vector_7
                0x000001ae                __vector_49
                0x000001ae                __vector_41
                0x000001ae                __vector_86
                0x000001ae                __vector_64
                0x000001ae                __vector_88
                0x000001ae                __vector_43
                0x000001ae                __vector_27
                0x000001ae                __vector_5
                0x000001ae                __vector_33
                0x000001ae                __vector_76
                0x000001ae                __vector_47
                0x000001ae                __vector_52
                0x000001ae                __vector_37
                0x000001ae                __vector_89
                0x000001ae                __vector_4
                0x000001ae                __vector_44
                0x000001ae                __vector_82
                0x000001ae                __vector_51
                0x000001ae                __vector_9
                0x000001ae                __vector_2
                0x000001ae                __vector_21
                0x000001ae                __vector_15
                0x000001ae                __vector_66
                0x000001ae                __vector_36
                0x000001ae                __vector_79
                0x000001ae                __vector_58
                0x000001ae                __vector_70
                0x000001ae                __vector_83
                0x000001ae                __vector_29
                0x000001ae                __vector_60
                0x000001ae                __vector_40
                0x000001ae                __vector_85
                0x000001ae                __vector_8
                0x000001ae                __vector_26
                0x000001ae                __vector_48
                0x000001ae                __vector_80
                0x000001ae                __vector_14
                0x000001ae                __vector_84
                0x000001ae                __vector_57
                0x000001ae                __vector_53
                0x000001ae                __vector_10
                0x000001ae                __vector_50
                0x000001ae                __vector_16
                0x000001ae                __vector_59
                0x000001ae                __vector_18
                0x000001ae                __vector_20
                0x000001ae                __vector_42
                0x000001ae                __vector_87
                0x000001ae                __vector_65
                0x000001b0                . = ALIGN (0x2)
 *(.text.*)
 .text.board_init
                0x000001b0        0x2 src/ASF/common/boards/user_board/init.o
                0x000001b0                board_init
 .text.sysclk_init
                0x000001b2       0x20 src/ASF/common/services/clock/xmega/sysclk.o
                0x000001b2                sysclk_init
 .text.__vector_71
                0x000001d2       0x5c src/ASF/xmega/drivers/adc/xmega_aau/adc_aau.o
                0x000001d2                __vector_71
 .text.__vector_72
                0x0000022e       0x5c src/ASF/xmega/drivers/adc/xmega_aau/adc_aau.o
                0x0000022e                __vector_72
 .text.__vector_73
                0x0000028a       0x5c src/ASF/xmega/drivers/adc/xmega_aau/adc_aau.o
                0x0000028a                __vector_73
 .text.__vector_74
                0x000002e6       0x5c src/ASF/xmega/drivers/adc/xmega_aau/adc_aau.o
                0x000002e6                __vector_74
 .text.twim_interrupt_handler
                0x00000342      0x12e src/ASF/xmega/drivers/twi/twim.o
 .text.__vector_13
                0x00000470       0x46 src/ASF/xmega/drivers/twi/twim.o
                0x00000470                __vector_13
 .text.__vector_46
                0x000004b6       0x46 src/ASF/xmega/drivers/twi/twim.o
                0x000004b6                __vector_46
 .text.__portable_avr_delay_cycles
                0x000004fc       0x16 src/main.o
 .text.main     0x00000512       0x24 src/main.o
                0x00000512                main
                0x00000536                . = ALIGN (0x2)
 *(.fini9)
 .fini9         0x00000536        0x0 c:/program files (x86)/atmel/studio/7.0/toolchain/avr8/avr8-gnu-toolchain/bin/../lib/gcc/avr/5.4.0/avrxmega2\libgcc.a(_exit.o)
                0x00000536                _exit
                0x00000536                exit
 *(.fini9)
 *(.fini8)
 *(.fini8)
 *(.fini7)
 *(.fini7)
 *(.fini6)
 *(.fini6)
 *(.fini5)
 *(.fini5)
 *(.fini4)
 *(.fini4)
 *(.fini3)
 *(.fini3)
 *(.fini2)
 *(.fini2)
 *(.fini1)
 *(.fini1)
 *(.fini0)
 .fini0         0x00000536        0x4 c:/program files (x86)/atmel/studio/7.0/toolchain/avr8/avr8-gnu-toolchain/bin/../lib/gcc/avr/5.4.0/avrxmega2\libgcc.a(_exit.o)
 *(.fini0)
                0x0000053a                _etext = .

.data           0x00802000        0x0 load address 0x0000053a
                0x00802000                PROVIDE (__data_start, .)
 *(.data)
 *(.data*)
 *(.gnu.linkonce.d*)
 *(.rodata)
 *(.rodata*)
 *(.gnu.linkonce.r*)
                0x00802000                . = ALIGN (0x2)
                0x00802000                _edata = .
                0x00802000                PROVIDE (__data_end, .)

.bss            0x00802000        0xd
                0x00802000                PROVIDE (__bss_start, .)
 *(.bss)
 *(.bss*)
 .bss.transfer  0x00802000        0xb src/ASF/xmega/drivers/twi/twim.o
 *(COMMON)
 COMMON         0x0080200b        0x2 src/ASF/xmega/drivers/adc/adc.o
                0x0080200b                adca_callback
                0x0080200d                PROVIDE (__bss_end, .)
                0x0000053a                __data_load_start = LOADADDR (.data)
                0x0000053a                __data_load_end = (__data_load_start + SIZEOF (.data))

.noinit         0x0080200d        0x0
                [!provide]                PROVIDE (__noinit_start, .)
 *(.noinit*)
                [!provide]                PROVIDE (__noinit_end, .)
                0x0080200d                _end = .
                [!provide]                PROVIDE (__heap_start, .)

.eeprom         0x00810000        0x0
 *(.eeprom*)
                0x00810000                __eeprom_end = .

.fuse
 *(.fuse)
 *(.lfuse)
 *(.hfuse)
 *(.efuse)

.lock
 *(.lock*)

.signature
 *(.signature*)

.user_signatures
 *(.user_signatures*)

.stab
 *(.stab)

.stabstr
 *(.stabstr)

.stab.excl
 *(.stab.excl)

.stab.exclstr
 *(.stab.exclstr)

.stab.index
 *(.stab.index)

.stab.indexstr
 *(.stab.indexstr)

.comment        0x00000000       0x30
 *(.comment)
 .comment       0x00000000       0x30 src/ASF/common/boards/user_board/init.o
                                 0x31 (size before relaxing)
 .comment       0x00000030       0x31 src/ASF/common/services/clock/xmega/sysclk.o
 .comment       0x00000030       0x31 src/ASF/xmega/drivers/adc/adc.o
 .comment       0x00000030       0x31 src/ASF/xmega/drivers/adc/xmega_aau/adc_aau.o
 .comment       0x00000030       0x31 src/ASF/xmega/drivers/twi/twim.o
 .comment       0x00000030       0x31 src/main.o

.note.gnu.avr.deviceinfo
                0x00000000       0x40
 .note.gnu.avr.deviceinfo
                0x00000000       0x40 C:/Program Files (x86)/Atmel/Studio/7.0/Packs/atmel/XMEGAA_DFP/1.1.68/gcc/dev/atxmega16a4/avrxmega2/crtatxmega16a4.o

.note.gnu.build-id
 *(.note.gnu.build-id)

.debug
 *(.debug)

.line
 *(.line)

.debug_srcinfo
 *(.debug_srcinfo)

.debug_sfnames
 *(.debug_sfnames)

.debug_aranges  0x00000000      0x158
 *(.debug_aranges)
 .debug_aranges
                0x00000000       0x20 src/ASF/common/boards/user_board/init.o
 .debug_aranges
                0x00000020       0x30 src/ASF/common/services/clock/xmega/sysclk.o
 .debug_aranges
                0x00000050       0x48 src/ASF/xmega/drivers/adc/adc.o
 .debug_aranges
                0x00000098       0x58 src/ASF/xmega/drivers/adc/xmega_aau/adc_aau.o
 .debug_aranges
                0x000000f0       0x40 src/ASF/xmega/drivers/twi/twim.o
 .debug_aranges
                0x00000130       0x28 src/main.o

.debug_pubnames
 *(.debug_pubnames)

.debug_info     0x00000000     0x4fe1
 *(.debug_info .gnu.linkonce.wi.*)
 .debug_info    0x00000000     0x22d1 C:/Program Files (x86)/Atmel/Studio/7.0/Packs/atmel/XMEGAA_DFP/1.1.68/gcc/dev/atxmega16a4/avrxmega2/crtatxmega16a4.o
 .debug_info    0x000022d1      0x168 src/ASF/common/boards/user_board/init.o
 .debug_info    0x00002439      0x47b src/ASF/common/services/clock/xmega/sysclk.o
 .debug_info    0x000028b4      0xa4d src/ASF/xmega/drivers/adc/adc.o
 .debug_info    0x00003301      0xd43 src/ASF/xmega/drivers/adc/xmega_aau/adc_aau.o
 .debug_info    0x00004044      0x847 src/ASF/xmega/drivers/twi/twim.o
 .debug_info    0x0000488b      0x756 src/main.o

.debug_abbrev   0x00000000     0x2e42
 *(.debug_abbrev)
 .debug_abbrev  0x00000000     0x20f8 C:/Program Files (x86)/Atmel/Studio/7.0/Packs/atmel/XMEGAA_DFP/1.1.68/gcc/dev/atxmega16a4/avrxmega2/crtatxmega16a4.o
 .debug_abbrev  0x000020f8       0xac src/ASF/common/boards/user_board/init.o
 .debug_abbrev  0x000021a4      0x1ea src/ASF/common/services/clock/xmega/sysclk.o
 .debug_abbrev  0x0000238e      0x271 src/ASF/xmega/drivers/adc/adc.o
 .debug_abbrev  0x000025ff      0x2f9 src/ASF/xmega/drivers/adc/xmega_aau/adc_aau.o
 .debug_abbrev  0x000028f8      0x2e9 src/ASF/xmega/drivers/twi/twim.o
 .debug_abbrev  0x00002be1      0x261 src/main.o

.debug_line     0x00000000     0x3063
 *(.debug_line .debug_line.* .debug_line_end)
 .debug_line    0x00000000      0x2cb C:/Program Files (x86)/Atmel/Studio/7.0/Packs/atmel/XMEGAA_DFP/1.1.68/gcc/dev/atxmega16a4/avrxmega2/crtatxmega16a4.o
 .debug_line    0x000002cb      0x8b0 src/ASF/common/boards/user_board/init.o
 .debug_line    0x00000b7b      0x561 src/ASF/common/services/clock/xmega/sysclk.o
 .debug_line    0x000010dc      0x785 src/ASF/xmega/drivers/adc/adc.o
 .debug_line    0x00001861      0x8d0 src/ASF/xmega/drivers/adc/xmega_aau/adc_aau.o
 .debug_line    0x00002131      0x623 src/ASF/xmega/drivers/twi/twim.o
 .debug_line    0x00002754      0x90f src/main.o

.debug_frame    0x00000000      0x50c
 *(.debug_frame)
 .debug_frame   0x00000000       0x24 src/ASF/common/boards/user_board/init.o
 .debug_frame   0x00000024       0x64 src/ASF/common/services/clock/xmega/sysclk.o
 .debug_frame   0x00000088       0xbc src/ASF/xmega/drivers/adc/adc.o
 .debug_frame   0x00000144      0x284 src/ASF/xmega/drivers/adc/xmega_aau/adc_aau.o
 .debug_frame   0x000003c8      0x110 src/ASF/xmega/drivers/twi/twim.o
 .debug_frame   0x000004d8       0x34 src/main.o

.debug_str      0x00000000    0x273d3
 *(.debug_str)
 .debug_str     0x00000000     0x172c C:/Program Files (x86)/Atmel/Studio/7.0/Packs/atmel/XMEGAA_DFP/1.1.68/gcc/dev/atxmega16a4/avrxmega2/crtatxmega16a4.o
 .debug_str     0x0000172c    0x24989 src/ASF/common/boards/user_board/init.o
                              0x25060 (size before relaxing)
 .debug_str     0x000260b5      0x1ff src/ASF/common/services/clock/xmega/sysclk.o
                              0x24102 (size before relaxing)
 .debug_str     0x000262b4      0x483 src/ASF/xmega/drivers/adc/adc.o
                              0x24c83 (size before relaxing)
 .debug_str     0x00026737      0x5a2 src/ASF/xmega/drivers/adc/xmega_aau/adc_aau.o
                              0x24f11 (size before relaxing)
 .debug_str     0x00026cd9      0x44d src/ASF/xmega/drivers/twi/twim.o
                              0x231ca (size before relaxing)
 .debug_str     0x00027126      0x2ad src/main.o
                              0x25535 (size before relaxing)

.debug_loc      0x00000000     0x131f
 *(.debug_loc)
 .debug_loc     0x00000000      0x20d src/ASF/common/services/clock/xmega/sysclk.o
 .debug_loc     0x0000020d      0x25b src/ASF/xmega/drivers/adc/adc.o
 .debug_loc     0x00000468      0x993 src/ASF/xmega/drivers/adc/xmega_aau/adc_aau.o
 .debug_loc     0x00000dfb      0x4b4 src/ASF/xmega/drivers/twi/twim.o
 .debug_loc     0x000012af       0x70 src/main.o

.debug_macinfo
 *(.debug_macinfo)

.debug_weaknames
 *(.debug_weaknames)

.debug_funcnames
 *(.debug_funcnames)

.debug_typenames
 *(.debug_typenames)

.debug_varnames
 *(.debug_varnames)

.debug_pubtypes
 *(.debug_pubtypes)

.debug_ranges   0x00000000      0x128
 *(.debug_ranges)
 .debug_ranges  0x00000000       0x10 src/ASF/common/boards/user_board/init.o
 .debug_ranges  0x00000010       0x20 src/ASF/common/services/clock/xmega/sysclk.o
 .debug_ranges  0x00000030       0x38 src/ASF/xmega/drivers/adc/adc.o
 .debug_ranges  0x00000068       0x48 src/ASF/xmega/drivers/adc/xmega_aau/adc_aau.o
 .debug_ranges  0x000000b0       0x60 src/ASF/xmega/drivers/twi/twim.o
 .debug_ranges  0x00000110       0x18 src/main.o

.debug_macro    0x00000000     0x8734
 *(.debug_macro)
 .debug_macro   0x00000000      0x324 src/ASF/common/boards/user_board/init.o
 .debug_macro   0x00000324      0xa54 src/ASF/common/boards/user_board/init.o
 .debug_macro   0x00000d78       0x10 src/ASF/common/boards/user_board/init.o
 .debug_macro   0x00000d88      0x1c9 src/ASF/common/boards/user_board/init.o
 .debug_macro   0x00000f51      0x2fc src/ASF/common/boards/user_board/init.o
 .debug_macro   0x0000124d       0x9e src/ASF/common/boards/user_board/init.o
 .debug_macro   0x000012eb     0x485b src/ASF/common/boards/user_board/init.o
 .debug_macro   0x00005b46       0x9a src/ASF/common/boards/user_board/init.o
 .debug_macro   0x00005be0       0xf1 src/ASF/common/boards/user_board/init.o
 .debug_macro   0x00005cd1       0x34 src/ASF/common/boards/user_board/init.o
 .debug_macro   0x00005d05       0x16 src/ASF/common/boards/user_board/init.o
 .debug_macro   0x00005d1b       0x18 src/ASF/common/boards/user_board/init.o
 .debug_macro   0x00005d33       0x5e src/ASF/common/boards/user_board/init.o
 .debug_macro   0x00005d91       0x10 src/ASF/common/boards/user_board/init.o
 .debug_macro   0x00005da1       0x22 src/ASF/common/boards/user_board/init.o
 .debug_macro   0x00005dc3      0x16d src/ASF/common/boards/user_board/init.o
 .debug_macro   0x00005f30       0x1c src/ASF/common/boards/user_board/init.o
 .debug_macro   0x00005f4c       0x35 src/ASF/common/boards/user_board/init.o
 .debug_macro   0x00005f81       0x66 src/ASF/common/boards/user_board/init.o
 .debug_macro   0x00005fe7      0x6d7 src/ASF/common/boards/user_board/init.o
 .debug_macro   0x000066be       0x96 src/ASF/common/boards/user_board/init.o
 .debug_macro   0x00006754       0x17 src/ASF/common/boards/user_board/init.o
 .debug_macro   0x0000676b      0x250 src/ASF/common/boards/user_board/init.o
 .debug_macro   0x000069bb       0x76 src/ASF/common/boards/user_board/init.o
 .debug_macro   0x00006a31       0x16 src/ASF/common/boards/user_board/init.o
 .debug_macro   0x00006a47      0x6d9 src/ASF/common/boards/user_board/init.o
 .debug_macro   0x00007120       0x10 src/ASF/common/boards/user_board/init.o
 .debug_macro   0x00007130      0x175 src/ASF/common/boards/user_board/init.o
 .debug_macro   0x000072a5       0x40 src/ASF/common/boards/user_board/init.o
 .debug_macro   0x000072e5       0x69 src/ASF/common/boards/user_board/init.o
 .debug_macro   0x0000734e       0x31 src/ASF/common/boards/user_board/init.o
 .debug_macro   0x0000737f       0xe4 src/ASF/common/boards/user_board/init.o
 .debug_macro   0x00007463       0x10 src/ASF/common/boards/user_board/init.o
 .debug_macro   0x00007473       0x20 src/ASF/common/boards/user_board/init.o
 .debug_macro   0x00007493       0x10 src/ASF/common/boards/user_board/init.o
 .debug_macro   0x000074a3       0x42 src/ASF/common/boards/user_board/init.o
 .debug_macro   0x000074e5       0x1c src/ASF/common/boards/user_board/init.o
 .debug_macro   0x00007501      0x2c3 src/ASF/common/boards/user_board/init.o
 .debug_macro   0x000077c4       0x64 src/ASF/common/boards/user_board/init.o
 .debug_macro   0x00007828       0x2f src/ASF/common/boards/user_board/init.o
 .debug_macro   0x00007857      0x13f src/ASF/common/boards/user_board/init.o
 .debug_macro   0x00007996       0xd7 src/ASF/common/boards/user_board/init.o
 .debug_macro   0x00007a6d       0x34 src/ASF/common/boards/user_board/init.o
 .debug_macro   0x00007aa1       0x28 src/ASF/common/boards/user_board/init.o
 .debug_macro   0x00007ac9       0x22 src/ASF/common/boards/user_board/init.o
 .debug_macro   0x00007aeb       0x7c src/ASF/common/boards/user_board/init.o
 .debug_macro   0x00007b67       0x16 src/ASF/common/boards/user_board/init.o
 .debug_macro   0x00007b7d       0x22 src/ASF/common/boards/user_board/init.o
 .debug_macro   0x00007b9f       0x10 src/ASF/common/boards/user_board/init.o
 .debug_macro   0x00007baf       0x28 src/ASF/common/boards/user_board/init.o
 .debug_macro   0x00007bd7       0x3a src/ASF/common/boards/user_board/init.o
 .debug_macro   0x00007c11       0x10 src/ASF/common/boards/user_board/init.o
 .debug_macro   0x00007c21      0x1dd src/ASF/common/services/clock/xmega/sysclk.o
 .debug_macro   0x00007dfe      0x23a src/ASF/xmega/drivers/adc/adc.o
 .debug_macro   0x00008038      0x23a src/ASF/xmega/drivers/adc/xmega_aau/adc_aau.o
 .debug_macro   0x00008272      0x198 src/ASF/xmega/drivers/twi/twim.o
 .debug_macro   0x0000840a      0x32a src/main.o
OUTPUT(code-mcu.elf elf32-avr)
LOAD linker stubs
